-2.638334820202083364e+01
-2.951969672839435788e+01
-2.036006823294776780e+01
6.304289615210385556e+00
1.002328095538559793e+01
1.100359366149249674e+01
